// Jest Snapshot v1, https://goo.gl/fbAQLP

exports[`options validate 1`] = `
Object {
  "css": Object {
    "extract": false,
  },
  "entry": "hi",
  "fsRoutes": Object {
    "baseDir": "pages",
    "basePath": "/",
    "match": /\\\\\\.\\(vue\\|js\\)\\$/i,
  },
  "generate": Object {
    "routes": Array [
      "/",
    ],
  },
  "minimize": false,
  "plugins": Array [],
  "productionSourceMap": true,
  "pwa": false,
  "runtimeCompiler": false,
  "server": Object {
    "host": "0.0.0.0",
    "port": 7000,
  },
  "transpileDependencies": Array [],
}
`;
